 .       .       .       .       .       .       .       :       :       :       :       :       :       :       :       :       :       :  
     .       .       .       .       .       .       :       :       :       :       :       :       :       :       :       :       :       :  
 .       .       .       .       .       .       .       :       :       :       :       :       :       :       :       :       :       :  
     .       .       .       .       .       .       :       :       :       :       :       :       :       :       :       :       :       :  
 .       .       .       .       .       .       .       :       :       :       :       :       :       :       :       :       :       :  
     .       .       .       .       .       .       :       :       :       :       :       :       :       :       :       :       :       :  
 .       .       .       s       .       sw      :       r       _       r       :       :       .       .       .       .       .       :  
     .       _d      s       s       .       .       :       _       _       r       :       .       .       .       .       .       :       :  
 .       .       _       g       gw      sw      :       _       r       _       :       :       .       .       .       .       .       :  
     .       _p      gw      g       gw      :       :       :       :       r       :       .       .       .       .       .       :       :  
 .       .       _       l       :       sw      :       _       r       _       :       :       .       .       .       .       .       :  
     .       s       g       :       :       :       _       :       :       :       :       .       .       .       .       .       :       :  
 .       .       _       g       r       :       _       :       :       _       :       :       .       .       .       .       .       :  
     .       .       _d      :       r       r       :       r       _       :       :       .       .       .       .       .       :       :  
 .       .       ss      _       _       :       _       r       _       :       :       .       .       .       .       .       .       :  
     .       .       g       _       _       _       :       :       r       :       :       .       .       .       .       .       :       :  
 .       .       s       :       :       _       :       r       :       :       :       .       .       .       .       .       .       :  
     .       s       g       :       :       :       r       :       :       :       .       .       .       .       .       .       :       :  
 .       .       :       :       :       :       r       r       :       :       :       .       .       .       .       .       .       :  
     .       g       :       g       g       r       r       :       :       :       .       .       .       .       .       .       :       :  
 .       .       :       g       g       :       r       r       :       :       .       .       .       .       .       .       .       :  
     .       g       g       g       g       :       r       :       :       r       .       .       .       .       .       .       :       :  
 .       .       g       :       g       :       :       :       r       r       .       .       .       .       .       .       .       :  
     .       g       :       :       :       :       :       _       r       r       .       .       .       .       .       .       :       :  
 .       .       g       :       _       _       _       _       r       r       .       .       .       .       .       .       .       :  
     .       s       :       :       _       _       _       :       r       r       .       .       .       .       .       .       :       :  
 .       .       s       :       :       :       :       :       :       r       .       .       .       .       .       .       .       :  
     .       s       :       s       :       :       :       :       :       r       .       .       .       .       .       .       :       :  
 .       .       s       s       s       r       :       :       :       :       .       .       .       .       .       .       .       :  
     .       .       :       .       r       :       :       :       :       .       .       .       .       .       .       .       :       :  
 .       .       s       s       :       r       s       s       :       :       .       .       .       .       .       .       .       :  
     .       .       s       .       r       s       s       t       :       .       .       .       .       .       .       .       :       :  
 .       .       .       .       :       :       .       :       :       :       :       :       :       :       :       :       :       :  
     .       .       .       s       :       .       .       .       :       :       :       :       :       :       :       :       :       :  
 .       .       .       .       :       .       .       :       .       :       :       :       :       :       :       :       :       :  
     .       .       .       .       :       :       :       :       :       :       :       :       :       :       :       :       :       :  
 .       .       .       .       s       .       .       .       .       :       :       :       :       :       :       :       :       :  
     .       .       .       .       :       .       .       .       :       :       :       :       :       :       :       :       :       :  
