 .       .       .       .       .       .       .       :       :       :       :       :       :       :       :       :       :       :  
     .       .       .       .       .       .       :       :       :       :       :       :       :       :       :       :       :       :  
 .       .       .       .       .       .       .       :       :       :       :       :       :       :       :       :       :       :  
     .       .       .       .       .       .       :       :       :       :       :       :       :       :       :       :       :       :  
 .       .       .       .       .       .       .       :       :       :       :       :       :       :       :       :       :       :  
     .       .       .       .       .       .       :       :       :       :       :       :       :       :       :       :       :       :  
 .       .       .       s       .       sw      :       r       _       rs      :       :       .       .       .       .       .       :  
     .       _       s       s       .       .       :       _       _s      rs      :       .       .       .       .       .       :       :  
 .       .       _       g       gw      sw      :       _       rs      _s      :       :       .       .       .       .       .       :  
     .       _p      g       g       gw      :       :       :       :       rs      :       .       .       .       .       .       :       :  
 .       .       _       g       :       sw      :       _       rs      _s      :       :       .       .       .       .       .       :  
     .       s       g       :       :       :       _       :       :       :       :       .       .       .       .       .       :       :  
 .       .       _       g       r       :       _       :       :       _s      :       :       .       .       .       .       .       :  
     .       .       _       :       r       r       :       r       _s      :       :       .       .       .       .       .       :       :  
 .       .       s       _       _       :       _       r       _s      :       :       .       .       .       .       .       .       :  
     .       .       g       _       _       _       :       :       rs      :       :       .       .       .       .       .       :       :  
 .       .       s       :       :       _       :       r       :       :       :       .       .       .       .       .       .       :  
     .       s       g       :       :       :       r       :       :       :       .       .       .       .       .       .       :       :  
 .       .       :       :       :       :       r       r       :       :       :       .       .       .       .       .       .       :  
     .       g       :       g       g       r       r       :       :       :       .       .       .       .       .       .       :       :  
 .       .       :       g       g       :       r       r       :       :       .       .       .       .       .       .       .       :  
     .       g       g       g       g       :       r       :       :       rd      .       .       .       .       .       .       :       :  
 .       .       g       :       g       :       :       :       rd      rd      .       .       .       .       .       .       .       :  
     .       g       :       :       :       :       :       _       rd      rd      .       .       .       .       .       .       :       :  
 .       .       g       :       _       _       _       _       rd      rd      .       .       .       .       .       .       .       :  
     .       s       :       :       _       _       _       :       rd      rd      .       .       .       .       .       .       :       :  
 .       .       s       :       :       :       :       :       :       rd      .       .       .       .       .       .       .       :  
     .       s       :       sw      :       :       :       :       :       r       .       .       .       .       .       .       :       :  
 .       .       s       s       sw      rw      :       :       :       :       .       .       .       .       .       .       .       :  
     .       .       :       .       rw      :       :       :       :       .       .       .       .       .       .       .       :       :  
 .       .       s       s       :       rw      sw      sw      :       :       .       .       .       .       .       .       .       :  
     .       .       s       .       rw      sw      sw      lw      :       .       .       .       .       .       .       .       :       :  
 .       .       .       .       :       :       .       :       :       :       :       :       :       :       :       :       :       :  
     .       .       .       s       :       .       .       .       :       :       :       :       :       :       :       :       :       :  
 .       .       .       .       :       .       .       :       .       :       :       :       :       :       :       :       :       :  
     .       .       .       .       :       :       :       :       :       :       :       :       :       :       :       :       :       :  
 .       .       .       .       s       .       .       .       .       :       :       :       :       :       :       :       :       :  
     .       .       .       .       :       .       .       .       :       :       :       :       :       :       :       :       :       :  
