 .       .       .       .       .       .       .       :       :       :       :       :       :       :       :       :       :       :  
     .       .       .       .       .       .       :       :       :       :       :       :       :       :       :       :       :       :  
 .       .       .       .       .       .       .       :       :       :       :       :       :       :       :       :       :       :  
     .       .       .       .       .       .       :       :       :       :       :       :       :       :       :       :       :       :  
 .       .       .       .       .       .       .       :       :       :       :       :       :       :       :       :       :       :  
     .       .       .       .       .       .       :       :       :       :       :       :       :       :       :       :       :       :  
 .       .       .       s       .       sw      :       rs      _       rs      :       :       .       .       .       .       .       :  
     .       _       s       s       .       .       :       _       _       r       :       .       .       .       .       .       :       :  
 .       .       _       g       gw      sw      :       _       r       _       :       :       .       .       .       .       .       :  
     .       _p      g       g       gw      :       :       :       :       r       :       .       .       .       .       .       :       :  
 .       .       _       l       :       sw      :       _       rs      _       :       :       .       .       .       .       .       :  
     .       s       g       :       :       :       _       :       :       :       :       .       .       .       .       .       :       :  
 .       .       _       g       rs      :       _       :       :       _       :       :       .       .       .       .       .       :  
     .       .       _       :       rs      rs      :       r       _       :       :       .       .       .       .       .       :       :  
 .       .       s       _       _s      :       _       r       _       :       :       .       .       .       .       .       .       :  
     .       .       g       _       _s      _s      :       :       r       :       :       .       .       .       .       .       :       :  
 .       .       s       :       :       _       :       r       :       :       :       .       .       .       .       .       .       :  
     .       s       g       :       :       :       rs      :       :       :       .       .       .       .       .       .       :       :  
 .       .       :       :       :       :       rs      rs      :       :       :       .       .       .       .       .       .       :  
     .       g       :       g       g       r       rs      :       :       :       .       .       .       .       .       .       :       :  
 .       .       :       g       g       :       rs      rs      :       :       .       .       .       .       .       .       .       :  
     .       g       g       g       g       :       rs      :       :       rd      .       .       .       .       .       .       :       :  
 .       .       g       :       g       :       :       :       rd      rd      .       .       .       .       .       .       .       :  
     .       g       :       :       :       :       :       _       rd      rd      .       .       .       .       .       .       :       :  
 .       .       g       :       _       _       _       _       rd      rd      .       .       .       .       .       .       .       :  
     .       s       :       :       _       _       _       :       rd      rd      .       .       .       .       .       .       :       :  
 .       .       s       :       :       :       :       :       :       rd      .       .       .       .       .       .       .       :  
     .       s       :       sw      :       :       :       :       :       r       .       .       .       .       .       .       :       :  
 .       .       s       s       sw      rw      :       :       :       :       .       .       .       .       .       .       .       :  
     .       .       :       .       rw      :       :       :       :       .       .       .       .       .       .       .       :       :  
 .       .       s       s       :       rw      s       s       :       :       .       .       .       .       .       .       .       :  
     .       .       s       .       rw      s       s       l       :       .       .       .       .       .       .       .       :       :  
 .       .       .       .       :       :       .       :       :       :       :       :       :       :       :       :       :       :  
     .       .       .       s       :       .       .       .       :       :       :       :       :       :       :       :       :       :  
 .       .       .       .       :       .       .       :       .       :       :       :       :       :       :       :       :       :  
     .       .       .       .       :       :       :       :       :       :       :       :       :       :       :       :       :       :  
 .       .       .       .       s       .       .       .       .       :       :       :       :       :       :       :       :       :  
     .       .       .       .       :       .       .       .       :       :       :       :       :       :       :       :       :       :  
